### make tsan
mkdir -p build/tsan
for t in test_arena test_spsc test_mpmc; do \
  g++ -std=c++17 -Wall -Wextra -Wpedantic -O1 -g -fsanitize=thread -Iinclude -Itests tests/$t.cpp -o build/tsan/$t -pthread || exit 1; \
  ./build/tsan/$t || exit 1; \
done
  huge-page request granted as: transparent huge pages (madvise)
test_arena: all checks passed
test_spsc: all checks passed
test_mpmc: all checks passed
g++ -std=c++17 -Wall -Wextra -Wpedantic -O1 -g -fsanitize=thread -Iinclude -Itests src/pipeline_bench.cpp -o build/tsan/pipeline_bench -pthread
./build/tsan/pipeline_bench --messages 200000 --runs 1
arena: 4194304 bytes, normal 4K pages
messages/run=200000 burst=65536 queue=65536 batch=64 runs=1 pin=0

configuration                                  median msg/s     best msg/s   speedup  checksum
baseline: malloc/free + mutex std::queue            1010411        1010411     1.00x  OK
malloc/free + SPSC ring (ablation)                  1589665        1589665     1.57x  OK
arena + mutex std::queue (ablation)                 1047972        1047972     1.04x  OK
arena + SPSC ring   <-- Phase 3 pipeline            1688766        1688766     1.67x  OK
arena + MPMC queue (bonus, 1P/1C)                    912165         912165     0.90x  OK
TSan: no data races reported
